[2013-08-31 09:51:11.717] [INFO] rpc-debug - {"traceId":"ad3686c0-f983-11e2-941d-43e0f46191f0","seq":9,"tag":"pomelo-rpc","rpc":"rpc-client","remote":"chat-server-1","module":"/home/py/Workspace/nodejs/production/pomelo-rpc/lib/rpc-client/mailstation.js","method":"doFilter","arguments":{"namespace":"sys","serverType":"chat","service":"msgRemote","method":"forwardMessage","args":[{"id":4,"route":"chat.chatHandler.send","body":{"rid":"1","content":"123","from":"123","target":"*","timestamp":1375235471655}},{"id":1,"frontendId":"connector-server-1","uid":"123*1","settings":{"rid":"1"}}]},"timestamp":1375235471716,"level":"info","description":"do after filter 1"}
[2013-07-31 09:51:11.804] [INFO] rpc-debug - {"traceId":"ad3bb6e0-f983-11e2-b64f-f5761e8bc050","seq":11,"tag":"pomelo-rpc","rpc":"rpc-server","remote":"destination","module":"/home/py/Workspace/nodejs/production/pomelo-rpc/lib/rpc-server/acceptors/ws-acceptor.js","method":"processMsg","arguments":{"tracer":{"logger":{"category":"rpc-debug","_events":{"log":[null,null,null]},"level":{"level":10000,"levelStr":"DEBUG"}},"isEnabled":true,"id":"ad3bb6e0-f983-11e2-b64f-f5761e8bc050","seq":11},"id":0,"msg":{"namespace":"sys","service":"channelRemote","method":"pushMessage","args":["onChat",{"route":"onChat","msg":"123","from":"123","target":"*"},["123*1"]]}},"timestamp":1375235471803,"level":"info","description":"ws-acceptor receive message and try to process message"}
[2013-09-31 09:51:11.717] [INFO] rpc-debug - {"traceId":"ad3686c0-f983-11e2-941d-43e0f46191f0","seq":9,"tag":"pomelo-rpc","rpc":"rpc-client","remote":"chat-server-1","module":"/home/py/Workspace/nodejs/production/pomelo-rpc/lib/rpc-client/mailstation.js","method":"doFilter","arguments":{"namespace":"sys","serverType":"chat","service":"msgRemote","method":"forwardMessage","args":[{"id":4,"route":"chat.chatHandler.send","body":{"rid":"1","content":"123","from":"123","target":"*","timestamp":1375235471655}},{"id":1,"frontendId":"connector-server-1","uid":"123*1","settings":{"rid":"1"}}]},"timestamp":1375235471716,"level":"info","description":"do after filter 1"}
[2013-07-31 09:51:11.804] [INFO] rpc-debug - {"traceId":"ad3bb6e0-f983-11e2-b64f-f5761e8bc050","seq":11,"tag":"pomelo-rpc","rpc":"rpc-server","remote":"destination","module":"/home/py/Workspace/nodejs/production/pomelo-rpc/lib/rpc-server/acceptors/ws-acceptor.js","method":"processMsg","arguments":{"tracer":{"logger":{"category":"rpc-debug","_events":{"log":[null,null,null]},"level":{"level":10000,"levelStr":"DEBUG"}},"isEnabled":true,"id":"ad3bb6e0-f983-11e2-b64f-f5761e8bc050","seq":11},"id":0,"msg":{"namespace":"sys","service":"channelRemote","method":"pushMessage","args":["onChat",{"route":"onChat","msg":"123","from":"123","target":"*"},["123*1"]]}},"timestamp":1375235471803,"level":"info","description":"ws-acceptor receive message and try to process message"}
[2013-07-31 09:51:11.717] [INFO] rpc-debug - {"traceId":"ad3686c0-f983-11e2-941d-43e0f46191f0","seq":9,"tag":"pomelo-rpc","rpc":"rpc-client","remote":"chat-server-1","module":"/home/py/Workspace/nodejs/production/pomelo-rpc/lib/rpc-client/mailstation.js","method":"doFilter","arguments":{"namespace":"sys","serverType":"chat","service":"msgRemote","method":"forwardMessage","args":[{"id":4,"route":"chat.chatHandler.send","body":{"rid":"1","content":"123","from":"123","target":"*","timestamp":1375235471655}},{"id":1,"frontendId":"connector-server-1","uid":"123*1","settings":{"rid":"1"}}]},"timestamp":1375235471716,"level":"info","description":"do after filter 1"}
[2013-07-31 09:51:11.804] [INFO] rpc-debug - {"traceId":"ad3bb6e0-f983-11e2-b64f-f5761e8bc050","seq":11,"tag":"pomelo-rpc","rpc":"rpc-server","remote":"destination","module":"/home/py/Workspace/nodejs/production/pomelo-rpc/lib/rpc-server/acceptors/ws-acceptor.js","method":"processMsg","arguments":{"tracer":{"logger":{"category":"rpc-debug","_events":{"log":[null,null,null]},"level":{"level":10000,"levelStr":"DEBUG"}},"isEnabled":true,"id":"ad3bb6e0-f983-11e2-b64f-f5761e8bc050","seq":11},"id":0,"msg":{"namespace":"sys","service":"channelRemote","method":"pushMessage","args":["onChat",{"route":"onChat","msg":"123","from":"123","target":"*"},["123*1"]]}},"timestamp":1375235471803,"level":"info","description":"ws-acceptor receive message and try to process message"}
